// Jest Snapshot v1, https://goo.gl/fbAQLP

exports[`App renders properly 1`] = `
<BrowserRouter>
  <GlobalStyleComponent />
  <Switch>
    <Route
      component={[Function]}
      path="/"
    />
  </Switch>
</BrowserRouter>
`;
