// Jest Snapshot v1, https://goo.gl/fbAQLP

exports[`Page matches snapshot 1`] = `
<styled.div
  mode="light"
>
  <styled.div
    mode="light"
  />
</styled.div>
`;
